// Jest Snapshot v1, https://goo.gl/fbAQLP

exports[`Countries countries json file should match the snapshot 1`] = `
Array [
  Object {
    "city": "Kabul",
    "country": "Afghanistan",
    "independence": "1919",
    "location": "Southern and Central Asia",
  },
  Object {
    "city": "Tirana",
    "country": "Albania",
    "independence": "1912",
    "location": "Southern Europe",
  },
  Object {
    "city": "Alger",
    "country": "Algeria",
    "independence": "1962",
    "location": "Northern Africa",
  },
  Object {
    "city": "Fagatogo",
    "country": "American Samoa",
    "independence": null,
    "location": "Polynesia",
  },
  Object {
    "city": "Andorra la Vella",
    "country": "Andorra",
    "independence": "1278",
    "location": "Southern Europe",
  },
  Object {
    "city": "Luanda",
    "country": "Angola",
    "independence": "1975",
    "location": "Central Africa",
  },
  Object {
    "city": "The Valley",
    "country": "Anguilla",
    "independence": null,
    "location": "Caribbean",
  },
  Object {
    "city": null,
    "country": "Antarctica",
    "independence": null,
    "location": "Antarctica",
  },
  Object {
    "city": "Saint John's",
    "country": "Antigua and Barbuda",
    "independence": "1981",
    "location": "Caribbean",
  },
  Object {
    "city": "Buenos Aires",
    "country": "Argentina",
    "independence": "1816",
    "location": "South America",
  },
  Object {
    "city": "Yerevan",
    "country": "Armenia",
    "independence": "1991",
    "location": "Middle East",
  },
  Object {
    "city": "Oranjestad",
    "country": "Aruba",
    "independence": null,
    "location": "Caribbean",
  },
  Object {
    "city": "Canberra",
    "country": "Australia",
    "independence": "1901",
    "location": "Australia and New Zealand",
  },
  Object {
    "city": "Wien",
    "country": "Austria",
    "independence": "1918",
    "location": "Western Europe",
  },
  Object {
    "city": "Baku",
    "country": "Azerbaijan",
    "independence": "1991",
    "location": "Middle East",
  },
  Object {
    "city": "Nassau",
    "country": "Bahamas",
    "independence": "1973",
    "location": "Caribbean",
  },
  Object {
    "city": "al-Manama",
    "country": "Bahrain",
    "independence": "1971",
    "location": "Middle East",
  },
  Object {
    "city": "Dhaka",
    "country": "Bangladesh",
    "independence": "1971",
    "location": "Southern and Central Asia",
  },
  Object {
    "city": "Bridgetown",
    "country": "Barbados",
    "independence": "1966",
    "location": "Caribbean",
  },
  Object {
    "city": "Minsk",
    "country": "Belarus",
    "independence": "1991",
    "location": "Eastern Europe",
  },
  Object {
    "city": "Bruxelles [Brussel]",
    "country": "Belgium",
    "independence": "1830",
    "location": "Western Europe",
  },
  Object {
    "city": "Belmopan",
    "country": "Belize",
    "independence": "1981",
    "location": "Central America",
  },
  Object {
    "city": "Porto-Novo",
    "country": "Benin",
    "independence": "1960",
    "location": "Western Africa",
  },
  Object {
    "city": "Hamilton",
    "country": "Bermuda",
    "independence": null,
    "location": "North America",
  },
  Object {
    "city": "Thimphu",
    "country": "Bhutan",
    "independence": "1910",
    "location": "Southern and Central Asia",
  },
  Object {
    "city": "La Paz",
    "country": "Bolivia",
    "independence": "1825",
    "location": "South America",
  },
  Object {
    "city": "Sarajevo",
    "country": "Bosnia and Herzegovina",
    "independence": "1992",
    "location": "Southern Europe",
  },
  Object {
    "city": "Gaborone",
    "country": "Botswana",
    "independence": "1966",
    "location": "Southern Africa",
  },
  Object {
    "city": null,
    "country": "Bouvet Island",
    "independence": null,
    "location": "Antarctica",
  },
  Object {
    "city": "Brasília",
    "country": "Brazil",
    "independence": "1822",
    "location": "South America",
  },
  Object {
    "city": null,
    "country": "British Indian Ocean Territory",
    "independence": null,
    "location": "Eastern Africa",
  },
  Object {
    "city": "Bandar Seri Begawan",
    "country": "Brunei",
    "independence": "1984",
    "location": "Southeast Asia",
  },
  Object {
    "city": "Sofia",
    "country": "Bulgaria",
    "independence": "1908",
    "location": "Eastern Europe",
  },
  Object {
    "city": "Ouagadougou",
    "country": "Burkina Faso",
    "independence": "1960",
    "location": "Western Africa",
  },
  Object {
    "city": "Bujumbura",
    "country": "Burundi",
    "independence": "1962",
    "location": "Eastern Africa",
  },
  Object {
    "city": "Phnom Penh",
    "country": "Cambodia",
    "independence": "1953",
    "location": "Southeast Asia",
  },
  Object {
    "city": "Yaound",
    "country": "Cameroon",
    "independence": "1960",
    "location": "Central Africa",
  },
  Object {
    "city": "Ottawa",
    "country": "Canada",
    "independence": "1867",
    "location": "North America",
  },
  Object {
    "city": "Praia",
    "country": "Cape Verde",
    "independence": "1975",
    "location": "Western Africa",
  },
  Object {
    "city": "George Town",
    "country": "Cayman Islands",
    "independence": null,
    "location": "Caribbean",
  },
  Object {
    "city": "Bangui",
    "country": "Central African Republic",
    "independence": "1960",
    "location": "Central Africa",
  },
  Object {
    "city": "N'Djam",
    "country": "Chad",
    "independence": "1960",
    "location": "Central Africa",
  },
  Object {
    "city": "Santiago de Chile",
    "country": "Chile",
    "independence": "1810",
    "location": "South America",
  },
  Object {
    "city": "Peking",
    "country": "China",
    "independence": "-1523",
    "location": "Eastern Asia",
  },
  Object {
    "city": "Flying Fish Cove",
    "country": "Christmas Island",
    "independence": null,
    "location": "Australia and New Zealand",
  },
  Object {
    "city": "West Island",
    "country": "Cocos (Keeling) Islands",
    "independence": null,
    "location": "Australia and New Zealand",
  },
  Object {
    "city": "Santaf",
    "country": "Colombia",
    "independence": "1810",
    "location": "South America",
  },
  Object {
    "city": "Moroni",
    "country": "Comoros",
    "independence": "1975",
    "location": "Eastern Africa",
  },
  Object {
    "city": "Brazzaville",
    "country": "Congo",
    "independence": "1960",
    "location": "Central Africa",
  },
  Object {
    "city": "Avarua",
    "country": "Cook Islands",
    "independence": null,
    "location": "Polynesia",
  },
  Object {
    "city": "San Jos",
    "country": "Costa Rica",
    "independence": "1821",
    "location": "Central America",
  },
  Object {
    "city": "Zagreb",
    "country": "Croatia",
    "independence": "1991",
    "location": "Southern Europe",
  },
  Object {
    "city": "La Habana",
    "country": "Cuba",
    "independence": "1902",
    "location": "Caribbean",
  },
  Object {
    "city": "Nicosia",
    "country": "Cyprus",
    "independence": "1960",
    "location": "Middle East",
  },
  Object {
    "city": "Praha",
    "country": "Czech Republic",
    "independence": "1993",
    "location": "Eastern Europe",
  },
  Object {
    "city": "Copenhagen",
    "country": "Denmark",
    "independence": "800",
    "location": "Nordic Countries",
  },
  Object {
    "city": "Djibouti",
    "country": "Djibouti",
    "independence": "1977",
    "location": "Eastern Africa",
  },
  Object {
    "city": "Roseau",
    "country": "Dominica",
    "independence": "1978",
    "location": "Caribbean",
  },
  Object {
    "city": "Santo Domingo de Guzm",
    "country": "Dominican Republic",
    "independence": "1844",
    "location": "Caribbean",
  },
  Object {
    "city": "Dili",
    "country": "East Timor",
    "independence": null,
    "location": "Southeast Asia",
  },
  Object {
    "city": "Quito",
    "country": "Ecuador",
    "independence": "1822",
    "location": "South America",
  },
  Object {
    "city": "Cairo",
    "country": "Egypt",
    "independence": "1922",
    "location": "Northern Africa",
  },
  Object {
    "city": "San Salvador",
    "country": "El Salvador",
    "independence": "1841",
    "location": "Central America",
  },
  Object {
    "city": "London",
    "country": "England",
    "independence": null,
    "location": null,
  },
  Object {
    "city": "Malabo",
    "country": "Equatorial Guinea",
    "independence": "1968",
    "location": "Central Africa",
  },
  Object {
    "city": "Asmara",
    "country": "Eritrea",
    "independence": "1993",
    "location": "Eastern Africa",
  },
  Object {
    "city": "Tallinn",
    "country": "Estonia",
    "independence": "1991",
    "location": "Baltic Countries",
  },
  Object {
    "city": "Addis Abeba",
    "country": "Ethiopia",
    "independence": "-1000",
    "location": "Eastern Africa",
  },
  Object {
    "city": "Stanley",
    "country": "Falkland Islands",
    "independence": null,
    "location": "South America",
  },
  Object {
    "city": "Tórshavn",
    "country": "Faroe Islands",
    "independence": null,
    "location": "Nordic Countries",
  },
  Object {
    "city": "Suva",
    "country": "Fiji Islands",
    "independence": "1970",
    "location": "Melanesia",
  },
  Object {
    "city": "Helsinki",
    "country": "Finland",
    "independence": "1917",
    "location": "Nordic Countries",
  },
  Object {
    "city": "Paris",
    "country": "France",
    "independence": "843",
    "location": "Western Europe",
  },
  Object {
    "city": "Cayenne",
    "country": "French Guiana",
    "independence": null,
    "location": "South America",
  },
  Object {
    "city": "Papeete",
    "country": "French Polynesia",
    "independence": null,
    "location": "Polynesia",
  },
  Object {
    "city": null,
    "country": "French Southern territories",
    "independence": null,
    "location": "Antarctica",
  },
  Object {
    "city": "Libreville",
    "country": "Gabon",
    "independence": "1960",
    "location": "Central Africa",
  },
  Object {
    "city": "Banjul",
    "country": "Gambia",
    "independence": "1965",
    "location": "Western Africa",
  },
  Object {
    "city": "Tbilisi",
    "country": "Georgia",
    "independence": "1991",
    "location": "Middle East",
  },
  Object {
    "city": "Berlin",
    "country": "Germany",
    "independence": "1955",
    "location": "Western Europe",
  },
  Object {
    "city": "Accra",
    "country": "Ghana",
    "independence": "1957",
    "location": "Western Africa",
  },
  Object {
    "city": "Gibraltar",
    "country": "Gibraltar",
    "independence": null,
    "location": "Southern Europe",
  },
  Object {
    "city": "Athenai",
    "country": "Greece",
    "independence": "1830",
    "location": "Southern Europe",
  },
  Object {
    "city": "Nuuk",
    "country": "Greenland",
    "independence": null,
    "location": "North America",
  },
  Object {
    "city": "Saint George's",
    "country": "Grenada",
    "independence": "1974",
    "location": "Caribbean",
  },
  Object {
    "city": "Basse-Terre",
    "country": "Guadeloupe",
    "independence": null,
    "location": "Caribbean",
  },
  Object {
    "city": "Aga",
    "country": "Guam",
    "independence": null,
    "location": "Micronesia",
  },
  Object {
    "city": "Ciudad de Guatemala",
    "country": "Guatemala",
    "independence": "1821",
    "location": "Central America",
  },
  Object {
    "city": "Conakry",
    "country": "Guinea",
    "independence": "1958",
    "location": "Western Africa",
  },
  Object {
    "city": "Bissau",
    "country": "Guinea-Bissau",
    "independence": "1974",
    "location": "Western Africa",
  },
  Object {
    "city": "Georgetown",
    "country": "Guyana",
    "independence": "1966",
    "location": "South America",
  },
  Object {
    "city": "Port-au-Prince",
    "country": "Haiti",
    "independence": "1804",
    "location": "Caribbean",
  },
  Object {
    "city": null,
    "country": "Heard Island and McDonald Islands",
    "independence": null,
    "location": "Antarctica",
  },
  Object {
    "city": "Citt",
    "country": "Holy See (Vatican City State)",
    "independence": "1929",
    "location": "Southern Europe",
  },
  Object {
    "city": "Tegucigalpa",
    "country": "Honduras",
    "independence": "1838",
    "location": "Central America",
  },
  Object {
    "city": "Victoria",
    "country": "Hong Kong",
    "independence": null,
    "location": "Eastern Asia",
  },
  Object {
    "city": "Budapest",
    "country": "Hungary",
    "independence": "1918",
    "location": "Eastern Europe",
  },
  Object {
    "city": "Reykjav",
    "country": "Iceland",
    "independence": "1944",
    "location": "Nordic Countries",
  },
  Object {
    "city": "New Delhi",
    "country": "India",
    "independence": "1947",
    "location": "Southern and Central Asia",
  },
  Object {
    "city": "Jakarta",
    "country": "Indonesia",
    "independence": "1945",
    "location": "Southeast Asia",
  },
  Object {
    "city": "Tehran",
    "country": "Iran",
    "independence": "1906",
    "location": "Southern and Central Asia",
  },
  Object {
    "city": "Baghdad",
    "country": "Iraq",
    "independence": "1932",
    "location": "Middle East",
  },
  Object {
    "city": "Dublin",
    "country": "Ireland",
    "independence": "1921",
    "location": "British Isles",
  },
  Object {
    "city": "Jerusalem",
    "country": "Israel",
    "independence": "1948",
    "location": "Middle East",
  },
  Object {
    "city": "Roma",
    "country": "Italy",
    "independence": "1861",
    "location": "Southern Europe",
  },
  Object {
    "city": "Yamoussoukro",
    "country": "Ivory Coast",
    "independence": "1960",
    "location": "Western Africa",
  },
  Object {
    "city": "Kingston",
    "country": "Jamaica",
    "independence": "1962",
    "location": "Caribbean",
  },
  Object {
    "city": "Tokyo",
    "country": "Japan",
    "independence": "-660",
    "location": "Eastern Asia",
  },
  Object {
    "city": "Amman",
    "country": "Jordan",
    "independence": "1946",
    "location": "Middle East",
  },
  Object {
    "city": "Astana",
    "country": "Kazakhstan",
    "independence": "1991",
    "location": "Southern and Central Asia",
  },
  Object {
    "city": "Nairobi",
    "country": "Kenya",
    "independence": "1963",
    "location": "Eastern Africa",
  },
  Object {
    "city": "Bairiki",
    "country": "Kiribati",
    "independence": "1979",
    "location": "Micronesia",
  },
  Object {
    "city": "Kuwait",
    "country": "Kuwait",
    "independence": "1961",
    "location": "Middle East",
  },
  Object {
    "city": "Bishkek",
    "country": "Kyrgyzstan",
    "independence": "1991",
    "location": "Southern and Central Asia",
  },
  Object {
    "city": "Vientiane",
    "country": "Laos",
    "independence": "1953",
    "location": "Southeast Asia",
  },
  Object {
    "city": "Riga",
    "country": "Latvia",
    "independence": "1991",
    "location": "Baltic Countries",
  },
  Object {
    "city": "Beirut",
    "country": "Lebanon",
    "independence": "1941",
    "location": "Middle East",
  },
  Object {
    "city": "Maseru",
    "country": "Lesotho",
    "independence": "1966",
    "location": "Southern Africa",
  },
  Object {
    "city": "Monrovia",
    "country": "Liberia",
    "independence": "1847",
    "location": "Western Africa",
  },
  Object {
    "city": "Tripoli",
    "country": "Libyan Arab Jamahiriya",
    "independence": "1951",
    "location": "Northern Africa",
  },
  Object {
    "city": "Vaduz",
    "country": "Liechtenstein",
    "independence": "1806",
    "location": "Western Europe",
  },
  Object {
    "city": "Vilnius",
    "country": "Lithuania",
    "independence": "1991",
    "location": "Baltic Countries",
  },
  Object {
    "city": "Luxembourg",
    "country": "Luxembourg",
    "independence": "1867",
    "location": "Western Europe",
  },
  Object {
    "city": "Macao",
    "country": "Macao",
    "independence": null,
    "location": "Eastern Asia",
  },
  Object {
    "city": "Skopje",
    "country": "North Macedonia",
    "independence": "1991",
    "location": "Southern Europe",
  },
  Object {
    "city": "Antananarivo",
    "country": "Madagascar",
    "independence": "1960",
    "location": "Eastern Africa",
  },
  Object {
    "city": "Lilongwe",
    "country": "Malawi",
    "independence": "1964",
    "location": "Eastern Africa",
  },
  Object {
    "city": "Kuala Lumpur",
    "country": "Malaysia",
    "independence": "1957",
    "location": "Southeast Asia",
  },
  Object {
    "city": "Male",
    "country": "Maldives",
    "independence": "1965",
    "location": "Southern and Central Asia",
  },
  Object {
    "city": "Bamako",
    "country": "Mali",
    "independence": "1960",
    "location": "Western Africa",
  },
  Object {
    "city": "Valletta",
    "country": "Malta",
    "independence": "1964",
    "location": "Southern Europe",
  },
  Object {
    "city": "Dalap-Uliga-Darrit",
    "country": "Marshall Islands",
    "independence": "1990",
    "location": "Micronesia",
  },
  Object {
    "city": "Fort-de-France",
    "country": "Martinique",
    "independence": null,
    "location": "Caribbean",
  },
  Object {
    "city": "Nouakchott",
    "country": "Mauritania",
    "independence": "1960",
    "location": "Western Africa",
  },
  Object {
    "city": "Port-Louis",
    "country": "Mauritius",
    "independence": "1968",
    "location": "Eastern Africa",
  },
  Object {
    "city": "Mamoutzou",
    "country": "Mayotte",
    "independence": null,
    "location": "Eastern Africa",
  },
  Object {
    "city": "Ciudad de M",
    "country": "Mexico",
    "independence": "1810",
    "location": "Central America",
  },
  Object {
    "city": "Palikir",
    "country": "Micronesia, Federated States of",
    "independence": "1990",
    "location": "Micronesia",
  },
  Object {
    "city": "Chisinau",
    "country": "Moldova",
    "independence": "1991",
    "location": "Eastern Europe",
  },
  Object {
    "city": "Monaco-Ville",
    "country": "Monaco",
    "independence": "1861",
    "location": "Western Europe",
  },
  Object {
    "city": "Ulan Bator",
    "country": "Mongolia",
    "independence": "1921",
    "location": "Eastern Asia",
  },
  Object {
    "city": "Plymouth",
    "country": "Montserrat",
    "independence": null,
    "location": "Caribbean",
  },
  Object {
    "city": "Rabat",
    "country": "Morocco",
    "independence": "1956",
    "location": "Northern Africa",
  },
  Object {
    "city": "Maputo",
    "country": "Mozambique",
    "independence": "1975",
    "location": "Eastern Africa",
  },
  Object {
    "city": "Rangoon (Yangon)",
    "country": "Myanmar",
    "independence": "1948",
    "location": "Southeast Asia",
  },
  Object {
    "city": "Windhoek",
    "country": "Namibia",
    "independence": "1990",
    "location": "Southern Africa",
  },
  Object {
    "city": "Yaren",
    "country": "Nauru",
    "independence": "1968",
    "location": "Micronesia",
  },
  Object {
    "city": "Kathmandu",
    "country": "Nepal",
    "independence": "1769",
    "location": "Southern and Central Asia",
  },
  Object {
    "city": "Amsterdam",
    "country": "Netherlands",
    "independence": "1581",
    "location": "Western Europe",
  },
  Object {
    "city": "Willemstad",
    "country": "Netherlands Antilles",
    "independence": null,
    "location": "Caribbean",
  },
  Object {
    "city": "Noum",
    "country": "New Caledonia",
    "independence": null,
    "location": "Melanesia",
  },
  Object {
    "city": "Wellington",
    "country": "New Zealand",
    "independence": "1907",
    "location": "Australia and New Zealand",
  },
  Object {
    "city": "Managua",
    "country": "Nicaragua",
    "independence": "1838",
    "location": "Central America",
  },
  Object {
    "city": "Niamey",
    "country": "Niger",
    "independence": "1960",
    "location": "Western Africa",
  },
  Object {
    "city": "Abuja",
    "country": "Nigeria",
    "independence": "1960",
    "location": "Western Africa",
  },
  Object {
    "city": "Alofi",
    "country": "Niue",
    "independence": null,
    "location": "Polynesia",
  },
  Object {
    "city": "Kingston",
    "country": "Norfolk Island",
    "independence": null,
    "location": "Australia and New Zealand",
  },
  Object {
    "city": "Pyongyang",
    "country": "North Korea",
    "independence": "1948",
    "location": "Eastern Asia",
  },
  Object {
    "city": "Belfast",
    "country": "Northern Ireland",
    "independence": null,
    "location": null,
  },
  Object {
    "city": "Garapan",
    "country": "Northern Mariana Islands",
    "independence": null,
    "location": "Micronesia",
  },
  Object {
    "city": "Oslo",
    "country": "Norway",
    "independence": "1905",
    "location": "Nordic Countries",
  },
  Object {
    "city": "Masqat",
    "country": "Oman",
    "independence": "1951",
    "location": "Middle East",
  },
  Object {
    "city": "Islamabad",
    "country": "Pakistan",
    "independence": "1947",
    "location": "Southern and Central Asia",
  },
  Object {
    "city": "Koror",
    "country": "Palau",
    "independence": "1994",
    "location": "Micronesia",
  },
  Object {
    "city": "Gaza",
    "country": "Palestine",
    "independence": null,
    "location": "Middle East",
  },
  Object {
    "city": "Ciudad de Panam",
    "country": "Panama",
    "independence": "1903",
    "location": "Central America",
  },
  Object {
    "city": "Port Moresby",
    "country": "Papua New Guinea",
    "independence": "1975",
    "location": "Melanesia",
  },
  Object {
    "city": "Asunci",
    "country": "Paraguay",
    "independence": "1811",
    "location": "South America",
  },
  Object {
    "city": "Lima",
    "country": "Peru",
    "independence": "1821",
    "location": "South America",
  },
  Object {
    "city": "Manila",
    "country": "Philippines",
    "independence": "1946",
    "location": "Southeast Asia",
  },
  Object {
    "city": "Adamstown",
    "country": "Pitcairn",
    "independence": null,
    "location": "Polynesia",
  },
  Object {
    "city": "Warszawa",
    "country": "Poland",
    "independence": "1918",
    "location": "Eastern Europe",
  },
  Object {
    "city": "Lisboa",
    "country": "Portugal",
    "independence": "1143",
    "location": "Southern Europe",
  },
  Object {
    "city": "San Juan",
    "country": "Puerto Rico",
    "independence": null,
    "location": "Caribbean",
  },
  Object {
    "city": "Doha",
    "country": "Qatar",
    "independence": "1971",
    "location": "Middle East",
  },
  Object {
    "city": "Saint-Denis",
    "country": "Reunion",
    "independence": null,
    "location": "Eastern Africa",
  },
  Object {
    "city": "Bucuresti",
    "country": "Romania",
    "independence": "1878",
    "location": "Eastern Europe",
  },
  Object {
    "city": "Moscow",
    "country": "Russian Federation",
    "independence": "1991",
    "location": "Eastern Europe",
  },
  Object {
    "city": "Kigali",
    "country": "Rwanda",
    "independence": "1962",
    "location": "Eastern Africa",
  },
  Object {
    "city": "Jamestown",
    "country": "Saint Helena",
    "independence": null,
    "location": "Western Africa",
  },
  Object {
    "city": "Basseterre",
    "country": "Saint Kitts and Nevis",
    "independence": "1983",
    "location": "Caribbean",
  },
  Object {
    "city": "Castries",
    "country": "Saint Lucia",
    "independence": "1979",
    "location": "Caribbean",
  },
  Object {
    "city": "Saint-Pierre",
    "country": "Saint Pierre and Miquelon",
    "independence": null,
    "location": "North America",
  },
  Object {
    "city": "Kingstown",
    "country": "Saint Vincent and the Grenadines",
    "independence": "1979",
    "location": "Caribbean",
  },
  Object {
    "city": "Apia",
    "country": "Samoa",
    "independence": "1962",
    "location": "Polynesia",
  },
  Object {
    "city": "San Marino",
    "country": "San Marino",
    "independence": "885",
    "location": "Southern Europe",
  },
  Object {
    "city": "S",
    "country": "Sao Tome and Principe",
    "independence": "1975",
    "location": "Central Africa",
  },
  Object {
    "city": "Riyadh",
    "country": "Saudi Arabia",
    "independence": "1932",
    "location": "Middle East",
  },
  Object {
    "city": "Edinburgh",
    "country": "Scotland",
    "independence": null,
    "location": null,
  },
  Object {
    "city": "Dakar",
    "country": "Senegal",
    "independence": "1960",
    "location": "Western Africa",
  },
  Object {
    "city": "Victoria",
    "country": "Seychelles",
    "independence": "1976",
    "location": "Eastern Africa",
  },
  Object {
    "city": "Freetown",
    "country": "Sierra Leone",
    "independence": "1961",
    "location": "Western Africa",
  },
  Object {
    "city": "Singapore",
    "country": "Singapore",
    "independence": "1965",
    "location": "Southeast Asia",
  },
  Object {
    "city": "Bratislava",
    "country": "Slovakia",
    "independence": "1993",
    "location": "Eastern Europe",
  },
  Object {
    "city": "Ljubljana",
    "country": "Slovenia",
    "independence": "1991",
    "location": "Southern Europe",
  },
  Object {
    "city": "Honiara",
    "country": "Solomon Islands",
    "independence": "1978",
    "location": "Melanesia",
  },
  Object {
    "city": "Mogadishu",
    "country": "Somalia",
    "independence": "1960",
    "location": "Eastern Africa",
  },
  Object {
    "city": "Pretoria",
    "country": "South Africa",
    "independence": "1910",
    "location": "Southern Africa",
  },
  Object {
    "city": null,
    "country": "South Georgia and the South Sandwich Islands",
    "independence": null,
    "location": "Antarctica",
  },
  Object {
    "city": "Seoul",
    "country": "South Korea",
    "independence": "1948",
    "location": "Eastern Asia",
  },
  Object {
    "city": "Juba",
    "country": "South Sudan",
    "independence": "2011",
    "location": "Eastern Africa",
  },
  Object {
    "city": "Madrid",
    "country": "Spain",
    "independence": "1492",
    "location": "Southern Europe",
  },
  Object {
    "city": null,
    "country": "SriLanka",
    "independence": null,
    "location": null,
  },
  Object {
    "city": "Khartum",
    "country": "Sudan",
    "independence": "1956",
    "location": "Northern Africa",
  },
  Object {
    "city": "Paramaribo",
    "country": "Suriname",
    "independence": "1975",
    "location": "South America",
  },
  Object {
    "city": "Longyearbyen",
    "country": "Svalbard and Jan Mayen",
    "independence": null,
    "location": "Nordic Countries",
  },
  Object {
    "city": "Mbabane",
    "country": "Swaziland",
    "independence": "1968",
    "location": "Southern Africa",
  },
  Object {
    "city": "Stockholm",
    "country": "Sweden",
    "independence": "836",
    "location": "Nordic Countries",
  },
  Object {
    "city": "Bern",
    "country": "Switzerland",
    "independence": "1499",
    "location": "Western Europe",
  },
  Object {
    "city": "Damascus",
    "country": "Syria",
    "independence": "1941",
    "location": "Middle East",
  },
  Object {
    "city": "Dushanbe",
    "country": "Tajikistan",
    "independence": "1991",
    "location": "Southern and Central Asia",
  },
  Object {
    "city": "Dodoma",
    "country": "Tanzania",
    "independence": "1961",
    "location": "Eastern Africa",
  },
  Object {
    "city": "Bangkok",
    "country": "Thailand",
    "independence": "1350",
    "location": "Southeast Asia",
  },
  Object {
    "city": null,
    "country": "The Democratic Republic of Congo",
    "independence": null,
    "location": null,
  },
  Object {
    "city": "Lom",
    "country": "Togo",
    "independence": "1960",
    "location": "Western Africa",
  },
  Object {
    "city": "Fakaofo",
    "country": "Tokelau",
    "independence": null,
    "location": "Polynesia",
  },
  Object {
    "city": "Nuku'alofa",
    "country": "Tonga",
    "independence": "1970",
    "location": "Polynesia",
  },
  Object {
    "city": "Port-of-Spain",
    "country": "Trinidad and Tobago",
    "independence": "1962",
    "location": "Caribbean",
  },
  Object {
    "city": "Tunis",
    "country": "Tunisia",
    "independence": "1956",
    "location": "Northern Africa",
  },
  Object {
    "city": "Ankara",
    "country": "Turkey",
    "independence": "1923",
    "location": "Middle East",
  },
  Object {
    "city": "Ashgabat",
    "country": "Turkmenistan",
    "independence": "1991",
    "location": "Southern and Central Asia",
  },
  Object {
    "city": "Cockburn Town",
    "country": "Turks and Caicos Islands",
    "independence": null,
    "location": "Caribbean",
  },
  Object {
    "city": "Funafuti",
    "country": "Tuvalu",
    "independence": "1978",
    "location": "Polynesia",
  },
  Object {
    "city": "Kampala",
    "country": "Uganda",
    "independence": "1962",
    "location": "Eastern Africa",
  },
  Object {
    "city": "Kyiv",
    "country": "Ukraine",
    "independence": "1991",
    "location": "Eastern Europe",
  },
  Object {
    "city": "Abu Dhabi",
    "country": "United Arab Emirates",
    "independence": "1971",
    "location": "Middle East",
  },
  Object {
    "city": "London",
    "country": "United Kingdom",
    "independence": "1066",
    "location": "British Isles",
  },
  Object {
    "city": "Washington",
    "country": "United States",
    "independence": "1776",
    "location": "North America",
  },
  Object {
    "city": null,
    "country": "United States Minor Outlying Islands",
    "independence": null,
    "location": "Micronesia/Caribbean",
  },
  Object {
    "city": "Montevideo",
    "country": "Uruguay",
    "independence": "1828",
    "location": "South America",
  },
  Object {
    "city": "Toskent",
    "country": "Uzbekistan",
    "independence": "1991",
    "location": "Southern and Central Asia",
  },
  Object {
    "city": "Port-Vila",
    "country": "Vanuatu",
    "independence": "1980",
    "location": "Melanesia",
  },
  Object {
    "city": "Caracas",
    "country": "Venezuela",
    "independence": "1811",
    "location": "South America",
  },
  Object {
    "city": "Hanoi",
    "country": "Vietnam",
    "independence": "1945",
    "location": "Southeast Asia",
  },
  Object {
    "city": "Road Town",
    "country": "Virgin Islands, British",
    "independence": null,
    "location": null,
  },
  Object {
    "city": "Charlotte Amalie",
    "country": "Virgin Islands, U.S.",
    "independence": null,
    "location": null,
  },
  Object {
    "city": "Cardiff",
    "country": "Wales",
    "independence": null,
    "location": null,
  },
  Object {
    "city": "Mata-Utu",
    "country": "Wallis and Futuna",
    "independence": null,
    "location": "Polynesia",
  },
  Object {
    "city": "El-Aai",
    "country": "Western Sahara",
    "independence": null,
    "location": "Northern Africa",
  },
  Object {
    "city": "Sanaa",
    "country": "Yemen",
    "independence": "1918",
    "location": "Middle East",
  },
  Object {
    "city": "Beograd",
    "country": "Yugoslavia",
    "independence": "1918",
    "location": "Southern Europe",
  },
  Object {
    "city": "Lusaka",
    "country": "Zambia",
    "independence": "1964",
    "location": "Eastern Africa",
  },
  Object {
    "city": "Harare",
    "country": "Zimbabwe",
    "independence": "1980",
    "location": "Eastern Africa",
  },
]
`;
